---
source: src/parser/function.rs
expression: "parse(&mut ctx).expect(\"fail to parse\")"

---
Node {
    name: "f",
    params: [
        Param {
            name: "x",
        },
        Param {
            name: "y",
        },
    ],
    body: [],
    loc: Location(
        0,
    ),
}
