---
source: src/function.rs
expression: ctx

---
FunctionContext {
    name: "f",
    param_names: [
        "x",
    ],
    code: Code(
        [
            PushStr(
                "x",
            ),
        ],
    ),
    children: [],
}
