---
source: src/function.rs
expression: "parse(&mut ctx).expect(\"fail to parse\")"

---
Node {
    name: "f",
    params: [],
    body: Node {
        kind: Exprs(
            [],
        ),
        loc: Location(
            10,
        ),
    },
}
